<?xml version="1.0" encoding="UTF-8"?>
<testsuites tests="12" failures="0" time="1.0" timestamp="2025-06-10T22:07:56.376Z">
  <testsuite name="DevOps Hilltop Test Suite" tests="12" failures="0" time="1.0">
    <testcase name="should have test environment set" time="0.001"></testcase>
    <testcase name="should have database URL configured" time="0.001"></testcase>
    <testcase name="should perform basic arithmetic" time="0.001"></testcase>
    <testcase name="should handle string operations" time="0.001"></testcase>
    <testcase name="should work with arrays" time="0.001"></testcase>
    <testcase name="should validate category schema structure" time="0.001"></testcase>
    <testcase name="should validate resource schema structure" time="0.001"></testcase>
  </testsuite>
</testsuites>